// Jest Snapshot v1, https://goo.gl/fbAQLP

exports[`renders correctly 1`] = `
<body>
  <div>
    <div
      class="flex justify-end"
    >
      <div
        class="relative inline-block text-left"
      >
        <div>
          <button
            aria-expanded="false"
            aria-haspopup="true"
            class="inline-flex justify-center w-full rounded-md border border-gray-300 shadow-sm px-4 py-2 bg-white text-sm font-medium text-gray-700 hover:bg-gray-50 focus:outline-none focus:ring-2 focus:ring-offset-2 focus:ring-offset-gray-100 focus:ring-primary-500"
            id="headlessui-menu-button-1"
            type="button"
          >
            <span
              class="sr-only"
            >
              Options
            </span>
            <svg
              aria-hidden="true"
              class="h-5 w-5"
              fill="currentColor"
              viewBox="0 0 20 20"
              xmlns="http://www.w3.org/2000/svg"
            >
              <path
                d="M10 6a2 2 0 110-4 2 2 0 010 4zM10 12a2 2 0 110-4 2 2 0 010 4zM10 18a2 2 0 110-4 2 2 0 010 4z"
              />
            </svg>
          </button>
        </div>
      </div>
    </div>
  </div>
</body>
`;
